// Jest Snapshot v1, https://goo.gl/fbAQLP

exports[`OurTeam Page renders OurTeam Page correctly 1`] = `
<div
  className="ourteam-content-container d-flex flex-column justify-content-center container"
>
  <h2>
    Here’s our hard working development team
  </h2>
  <div
    className="ourteam-content-row row"
  >
    <div
      className="card d-flex flex-column align-items-center card"
    >
      <img
        alt="img"
        className="img-fluid"
        src="shrreya.jpeg"
      />
      <div
        className="card-title h5"
      >
         Shrreya Bhatachaarya 
      </div>
      <p
        className="short-define"
      >
        Lead Trainer
      </p>
      <div
        className="social-media-logos d-flex flex-row justify-content-center col"
      >
         
        <a
          href="https://github.com/Shrreya"
          rel="external noreferrer"
          target="_blank"
        >
          <svg>
            github.svg
          </svg>
        </a>
         
        <a
          href="https://www.linkedin.com/in/shrreya/"
          rel="external noreferrer"
          target="_blank"
        >
          <svg>
            linkedIn.svg
          </svg>
        </a>
        <a
          href="https://twitter.com/__shrreya__"
          rel="external noreferrer"
          target="_blank"
        >
          <svg>
            twitter.svg
          </svg>
        </a>
      </div>
    </div>
    <div
      className="card d-flex flex-column align-items-center card"
    >
      <img
        alt="img"
        className="img-fluid"
        src="aliriza.jpg"
      />
      <div
        className="card-title h5"
      >
        Ali Rıza Şahin
      </div>
      <p>
        Junior Developer
      </p>
      <div
        className="social-media-logos d-flex flex-row justify-content-center col"
      >
         
        <a
          href="https://github.com/ARS-coding"
          rel="external noreferrer"
          target="_blank"
        >
          <svg>
            github.svg
          </svg>
        </a>
         
        <a
          href="https://www.linkedin.com/in/ars-coding/"
          rel="external noreferrer"
          target="_blank"
        >
          <svg>
            linkedIn.svg
          </svg>
        </a>
        <a
          href="https://twitter.com/ARS_coding"
          rel="external noreferrer"
          target="_blank"
        >
          <svg>
            twitter.svg
          </svg>
        </a>
      </div>
    </div>
    <div
      className="card d-flex flex-column align-items-center card"
    >
      <img
        alt="img"
        className="img-fluid"
        src="kutay.jpg"
      />
      <div
        className="card-title h5"
      >
        Kutay Kağan Özen
      </div>
      <p>
        Junior Developer
      </p>
      <div
        className="social-media-logos d-flex flex-row justify-content-center col"
      >
         
        <a
          href="https://github.com/Iseluin"
          rel="external noreferrer"
          target="_blank"
        >
          <svg>
            github.svg
          </svg>
        </a>
         
        <a
          href="https://www.linkedin.com"
          rel="external noreferrer"
          target="_blank"
        >
          <svg>
            linkedIn.svg
          </svg>
        </a>
        <a
          href="https://twitter.com"
          rel="external noreferrer"
          target="_blank"
        >
          <svg>
            twitter.svg
          </svg>
        </a>
      </div>
    </div>
    <div
      className="card d-flex flex-column align-items-center card"
    >
      <img
        alt="img"
        className="img-fluid"
        src="moulham.png"
      />
      <div
        className="card-title h5"
      >
        Moulham Hallak
      </div>
      <p>
        Junior Developer
      </p>
      <div
        className="social-media-logos d-flex flex-row justify-content-center col"
      >
         
        <a
          href="https://github.com/MoulhamHallak"
          rel="external noreferrer"
          target="_blank"
        >
          <svg>
            github.svg
          </svg>
        </a>
         
        <a
          href="https://www.linkedin.com/in/mahmoud-moulham-hallak-a2a688147/"
          rel="external noreferrer"
          target="_blank"
        >
          <svg>
            linkedIn.svg
          </svg>
        </a>
        <a
          href="https://twitter.com/Moulham990"
          rel="external noreferrer"
          target="_blank"
        >
          <svg>
            twitter.svg
          </svg>
        </a>
      </div>
    </div>
    <div
      className="card d-flex flex-column align-items-center card"
    >
      <img
        alt="img"
        className="img-fluid"
        src="aziza.jpg"
      />
      <div
        className="card-title h5"
      >
        Aziza Iliasova 
      </div>
      <p>
        Junior Developer
      </p>
      <div
        className="social-media-logos d-flex flex-row justify-content-center col"
      >
         
        <a
          href="https://github.com/mimisha25"
          rel="external noreferrer"
          target="_blank"
        >
          <svg>
            github.svg
          </svg>
        </a>
         
        <a
          href="https://www.linkedin.com/in/mia-l-10b9a81b1/"
          rel="external noreferrer"
          target="_blank"
        >
          <svg>
            linkedIn.svg
          </svg>
        </a>
        <a
          href="https://twitter.com"
          rel="external noreferrer"
          target="_blank"
        >
          <svg>
            twitter.svg
          </svg>
        </a>
      </div>
    </div>
    <div
      className="card d-flex flex-column align-items-center card"
    >
      <img
        alt="img"
        className="img-fluid"
        src="nur.jpg"
      />
      <div
        className="card-title h5"
      >
        Nur Hafise Bacaksiz 
      </div>
      <p>
        Junior Developer
      </p>
      <div
        className="social-media-logos d-flex flex-row justify-content-center col"
      >
         
        <a
          href="https://github.com/nurbacaksiz"
          rel="external noreferrer"
          target="_blank"
        >
          <svg>
            github.svg
          </svg>
        </a>
         
        <a
          href="https://www.linkedin.com/in/h-nur-bacaks%C4%B1z-b352b2182"
          rel="external noreferrer"
          target="_blank"
        >
          <svg>
            linkedIn.svg
          </svg>
        </a>
        <a
          href="https://twitter.com"
          rel="external noreferrer"
          target="_blank"
        >
          <svg>
            twitter.svg
          </svg>
        </a>
      </div>
    </div>
  </div>
</div>
`;
