// Jest Snapshot v1, https://goo.gl/fbAQLP

exports[`Profile page renders Profile correctly 1`] = `
<div
  className="profile-page-bg d-flex align-items-center container-fluid"
  style={null}
>
  <div
    className="profile-content-container d-flex flex-column justify-content-center align-items-center flex-wrap align-content-center container"
  >
    <div
      className="row"
    >
      <div
        className="d-flex flex-column align-items-center mb-3 pe-2 col-sm-12 col-12"
      >
        <div>
          <img
            alt="profile"
            className="profile-photo"
            style={null}
          />
        </div>
        <div>
          <button
            className="sc-bdnxRM sc-dlnjwi fhyKDU dxVdiR"
            onClick={[Function]}
          >
            Edit Profile
          </button>
        </div>
      </div>
      <div
        className="col-sm-12 col-12"
      >
        <div
          className="cards-row d-flex justify-content-around flex-wrap row"
        >
          <div
            className="d-flex justify-content-center align-items-center col-md-4 col-sm-12 col-12"
          >
            <div
              className="info-cards white-card card"
            >
              <div
                className="card-body"
              >
                <div
                  className="card-title card-title h5"
                >
                  General
                </div>
                <ul
                  className="d-flex flex-column justify-content-around  mb-0"
                >
                  <li>
                    First Name: 
                    <span>
                      Test User
                    </span>
                  </li>
                  <li>
                    Last Name: 
                    <span />
                  </li>
                  <li>
                    Gender:
                     
                    <span>
                      Test Gender
                    </span>
                  </li>
                  <li>
                    Age:
                     
                    <span>
                      Age yet to be added.
                    </span>
                  </li>
                  <li>
                    Education:
                     
                    <span>
                      Education yet to be added.
                    </span>
                  </li>
                  <li>
                    District:
                     
                    <span>
                      District yet to be added.
                    </span>
                  </li>
                </ul>
              </div>
            </div>
          </div>
          <div
            className="d-flex justify-content-center align-items-center col-md-4 col-sm-12 col-12"
          >
            <div
              className="info-cards card"
              id="blue-card"
            >
              <div
                className="card-body"
              >
                <div
                  className="card-title card-title h5"
                >
                  About You
                </div>
                <ul
                  className="d-flex flex-column justify-content-around  mb-0"
                >
                  <li>
                    Bio:
                     
                    <span>
                      Bio yet to be added.
                    </span>
                  </li>
                  <li>
                    Interests:
                     
                    <span>
                      Interests yet to be added.
                    </span>
                  </li>
                </ul>
              </div>
            </div>
          </div>
          <div
            className="d-flex justify-content-center align-items-center col-md-4 col-sm-12 col-12"
          >
            <div
              className="info-cards white-card card"
            >
              <div
                className="card-body"
              >
                <div
                  className="card-title card-title h5"
                >
                  Contact
                </div>
                <ul
                  className="d-flex flex-column justify-content-around  mb-0"
                >
                  <li>
                    Email: 
                    <span />
                  </li>
                  <li>
                    Phone:
                     
                    <span>
                      +90 123 456 78 90
                    </span>
                  </li>
                  <li>
                    Address:
                     
                    <span>
                      Address yet to be added.
                    </span>
                  </li>
                </ul>
              </div>
            </div>
          </div>
        </div>
      </div>
    </div>
  </div>
</div>
`;
