// Jest Snapshot v1, https://goo.gl/fbAQLP

exports[`NeighborSummaryModal renders NeighborSummaryModal correctly 1`] = `null`;
