// Jest Snapshot v1, https://goo.gl/fbAQLP

exports[`EditProfileModal renders EditProfileModal correctly 1`] = `null`;
