// Jest Snapshot v1, https://goo.gl/fbAQLP

exports[`NotificationsMenu renders NotificationsMenu correctly 1`] = `
<div
  className="dropdown"
  id="notifications-dropdown"
>
  <button
    aria-expanded={false}
    aria-haspopup={true}
    className="dropdown-toggle btn btn-success"
    disabled={false}
    id="dropdown-basic"
    onClick={[Function]}
    type="button"
  >
    <svg>
      notification-bell.svg
    </svg>
  </button>
</div>
`;
